Circuit: * C:\Users\IChasse\Documents\Scripts\random stuff\de-link-pcb\simulations\led_driver\LED_circuit.asc

Warning: Multiple definitions of model "2scr375p" Type: BJT
Warning: Multiple definitions of model "bc857b" Type: BJT
Warning: Multiple definitions of model "bc847c" Type: BJT
Warning: Multiple definitions of model "bc847b" Type: BJT
WARNING: Node N005 is floating.

Direct Newton iteration for .op point succeeded.
Heightened Def Con from 0.00077505 to 0.000775053

i_r1: AVG(i(r1))=-0.000329882 FROM 0.01 TO 0.03
i_rgpio: AVG(i(r_gpio))=-3.3e-05 FROM 0.01 TO 0.03
i_reb: AVG(i(r_eb))=-6.86258e-07 FROM 0.01 TO 0.03
i_rx: AVG(i(r_x))=-6.86233e-07 FROM 0.01 TO 0.03
i_r4: AVG(i(r4))=3.3e-06 FROM 0.01 TO 0.03
id_q7: AVG(ix(q7:d))=-0.0831693 FROM 0.01 TO 0.03
id_qiso: AVG(id(q_iso))=0.000330016 FROM 0.01 TO 0.03
id_qreset: AVG(ix(q_reset:d))=-0.000119221 FROM 0.01 TO 0.03
v_latchpwr: AVG(v(latch_pwr))=3.29999 FROM 0.01 TO 0.03
iq_idle: AVG(-i(3v3_s))=0.0848083 FROM 0.01 TO 0.03
vin_idle: MAX(v(vin))=3.29999 FROM 0.01 TO 0.03
iso_idle: MIN(v(iso_gate))=3.26087 FROM 0.01 TO 0.03
i_r5: AVG(i(r5))=0.000108968 FROM 0.01 TO 0.03
i_r6: AVG(i(r6))=-3.57491e-05 FROM 0.01 TO 0.03


Date: Thu Jul 30 21:07:26 2026
Total elapsed time: 162.538 seconds.

tnom = 27
temp = 27
method = modified trap
totiter = 6038379
traniter = 6038346
tranpoints = 2240287
accept = 1671056
rejected = 569232
matrix size = 91
fillins = 49
solver = Normal
Avg thread counts: 1.0/1.0/1.0/1.0
Matrix Compiler1: 7.91 KB object code size  8.5/8.2/[3.6]
Matrix Compiler2: 8.21 KB object code size  6.1/7.1/[1.2]

